2025-08-07 17:59:00,885,dht1_T, dht2_T, dht3_T, dht1_H, dht2_H, dht3_H, hm, tm, CO2, eCO2, TVOC, t_min, t_max, h_min, h_max, heat_rele, hum_rele, fan_rele
2025-08-07 17:59:14,038,20,21,21,60,50,61,55,21,-963,0,0,15,15,10,10,0,0,1
2025-08-07 17:59:20,121,21,22,21,61,50,60,55,21,1792,770,56,15,15,10,10,0,0,1
2025-08-07 17:59:26,609,21,22,21,60,51,59,55,22,1792,1252,129,15,15,10,10,0,0,1
2025-08-07 17:59:32,680,22,23,22,57,51,56,54,23,1794,1756,399,15,15,10,10,0,0,1
2025-08-07 17:59:38,848,23,25,23,53,51,53,52,24,1794,1515,181,15,15,10,10,0,0,1
2025-08-07 17:59:44,928,24,26,23,51,51,51,51,25,1792,1949,661,15,15,10,10,0,0,1
2025-08-07 17:59:50,952,25,28,25,46,50,48,48,27,1794,1823,479,15,15,10,10,0,0,1
2025-08-07 17:59:57,115,26,-26,25,44,-44,47,22,13,1794,1569,221,15,15,10,10,0,0,1
2025-08-07 18:00:03,159,28,-28,27,41,-41,44,20,14,1794,408,1,15,15,10,10,0,0,1
2025-08-07 18:00:09,195,30,-30,28,38,-38,43,19,15,1796,1882,556,15,15,10,10,0,0,1
2025-08-07 18:00:15,274,32,-32,30,35,-35,40,17,16,1796,2023,789,15,15,10,10,0,0,1
2025-08-07 18:00:21,315,33,-33,31,33,-33,38,16,16,1796,1949,661,15,15,10,10,0,0,1
2025-08-07 18:00:27,444,35,-35,33,30,-30,35,15,17,1796,1572,223,15,15,10,10,0,0,1
2025-08-07 18:00:33,627,35,-35,34,29,-29,33,14,17,1798,1695,333,15,15,10,10,0,0,1
2025-08-07 18:00:39,711,37,-37,35,27,-27,30,13,18,1798,1764,407,15,15,10,10,0,0,1
2025-08-07 18:00:45,817,37,-37,36,26,-26,30,13,18,1798,2084,890,15,15,10,10,0,0,1
2026-01-15 12:17:20,363,38,-38,37,25,-25,28,12,19,1798,1983,718,15,15,10,10,0,0,1
2026-01-15 12:17:26,366,38,-38,38,24,-24,27,12,19,1798,1882,556,15,15,10,10,0,0,1
2026-01-15 12:17:32,980,39,-39,39,23,-23,25,11,19,1656,1518,184,15,15,10,10,0,0,1
2026-01-15 12:17:39,123,39,-39,40,22,-22,24,11,19,1664,1728,365,15,15,10,10,0,0,1
2026-01-15 12:17:45,354,39,-39,40,22,-22,19,11,19,1672,1625,268,15,15,10,10,0,0,1
2026-01-15 12:17:52,284,39,-39,41,21,-21,18,10,19,1678,1882,556,15,15,10,10,0,0,1
2026-01-15 12:18:00,381,39,-39,41,21,-21,17,10,19,-863,529,19,15,15,10,10,0,0,1
2026-01-15 12:18:06,879,39,-39,42,21,-21,17,10,19,1690,1270,132,15,15,10,10,0,0,1
2026-01-15 12:18:13,100,38,-38,42,21,-21,17,10,19,1700,895,75,15,15,10,10,0,0,1
2026-01-15 12:18:20,012,38,-38,42,22,-22,16,11,19,-862,951,83,15,15,10,10,0,0,1
2026-01-15 12:18:26,040,38,-38,43,22,-22,16,11,19,1712,733,50,15,15,10,10,0,0,1
2026-01-15 12:18:32,308,37,-37,43,22,-22,15,11,18,1718,813,62,30,37,14,14,0,1,0
2026-01-15 12:18:38,352,37,-37,43,22,-22,15,11,18,1720,495,14,29,35,31,31,0,1,0
2026-01-15 12:18:44,508,36,-36,43,22,-22,15,11,18,1726,1899,584,29,35,34,34,0,1,0
2026-01-15 12:18:50,675,36,-36,43,23,-23,15,11,18,1730,483,12,29,35,34,34,1,1,0
2026-01-15 12:18:56,762,36,-36,43,23,-23,16,11,18,1734,1808,458,22,30,34,34,0,1,0
2026-01-15 12:19:02,903,36,-36,43,23,-23,26,11,18,1736,1918,612,22,30,34,34,0,1,0
2026-01-15 12:19:08,923,36,-36,43,24,-24,16,12,18,1740,1994,736,22,30,34,34,0,1,0
2026-01-15 12:19:15,390,36,-36,43,24,-24,16,12,18,1740,1808,458,22,30,34,34,0,1,0
2026-01-15 12:19:21,744,36,-36,43,24,-24,15,12,18,1742,2411,1593,22,30,34,34,1,1,0
2026-01-15 12:19:28,117,36,-36,43,24,-24,15,12,18,1742,1849,514,22,30,34,34,0,1,0
2026-01-15 12:19:34,164,35,-35,43,23,-23,14,11,17,1740,927,80,22,30,34,34,0,1,0
2026-01-15 12:19:40,537,36,-36,43,23,-23,14,11,18,1738,1828,485,22,30,34,34,1,1,0
2026-01-15 12:19:46,640,36,-36,43,23,-23,14,11,18,1732,2274,1295,22,30,34,34,0,1,0
2026-01-15 12:19:53,144,36,-36,43,23,-23,14,11,18,1730,2164,1058,22,30,34,34,0,1,0
2026-01-15 12:19:59,423,36,-36,43,23,-23,14,11,18,1730,1808,458,22,30,34,34,0,1,0
2026-01-15 12:20:05,641,36,-36,43,23,-23,14,11,18,1728,1808,458,22,30,34,34,0,1,0
2026-01-15 12:20:11,703,36,-36,43,23,-23,14,11,18,1724,1808,458,22,30,34,34,1,1,0
2026-01-15 12:20:17,809,36,-36,43,23,-23,13,11,18,1724,1863,535,22,30,24,24,0,1,0
2026-01-15 12:20:24,660,36,-36,44,23,-23,13,11,18,1724,1808,458,22,30,15,19,1,1,0
2026-01-15 12:20:30,692,36,-36,44,23,-23,13,11,18,1724,806,61,22,30,15,19,0,1,0
2026-01-15 12:20:44,180,36,-36,44,23,-23,13,11,18,1726,1814,467,22,30,15,19,1,1,0
2026-01-15 12:20:50,948,36,-36,44,22,-22,13,11,18,-865,1808,458,22,30,15,19,0,1,0
2026-01-15 12:20:57,709,36,-36,44,22,-22,13,11,18,1722,951,83,22,30,15,19,0,1,0
2026-01-15 12:21:05,050,36,-36,44,22,-22,13,11,18,1724,1808,458,22,30,15,19,0,1,0
2026-01-15 12:21:11,157,36,-36,44,22,-22,13,11,18,1724,1808,458,22,30,15,19,0,1,0
2026-01-15 12:21:17,384,36,-36,44,22,-22,13,11,18,1722,1004,92,22,30,15,19,0,1,0
2026-01-15 12:21:23,865,36,-36,44,22,-22,12,11,18,1722,1808,458,22,30,15,19,0,1,0
2026-01-15 12:21:29,892,36,-36,44,22,-22,12,11,18,1722,1814,467,22,30,15,19,0,1,0
2026-01-15 12:21:36,174,36,-36,44,22,-22,12,11,18,1722,1004,92,22,30,16,20,0,1,0
2026-01-15 12:21:42,848,36,-36,44,22,-22,12,11,18,1724,1808,458,22,30,16,20,0,1,0
2026-01-15 12:21:48,929,36,-36,44,22,-22,12,11,18,1724,1849,514,22,30,15,19,0,1,0
2026-01-15 12:21:54,967,36,-36,45,22,-22,12,11,18,1722,865,70,22,30,15,19,0,1,0
2026-01-15 12:22:01,814,37,-37,45,22,-22,12,11,18,1724,2251,1243,22,30,10,15,0,0,0
2026-01-15 12:22:07,963,37,-37,45,22,-22,12,11,18,1722,2226,1201,22,30,10,30,0,0,0
2026-01-15 12:22:14,126,37,-37,45,22,-22,12,11,18,1724,1628,270,22,30,10,30,0,0,0
2026-01-15 12:22:20,145,37,-37,45,22,-22,12,11,18,1724,2070,859,22,30,10,30,1,0,0
2026-01-15 12:22:26,326,37,-37,45,22,-22,12,11,18,1724,2116,951,22,30,10,30,0,0,0
2026-01-15 12:22:32,469,37,-37,45,21,-21,12,10,18,1726,2546,1876,22,30,10,30,0,0,0
2026-01-15 12:22:39,084,37,-37,45,21,-21,11,10,18,1728,2080,881,22,30,10,30,0,0,0
2026-01-15 12:22:45,864,37,-37,45,21,-21,11,10,18,1728,2062,846,22,30,10,30,0,0,0
2026-01-15 12:22:52,402,38,-38,45,21,-21,11,10,19,1730,1822,477,22,30,10,30,0,0,0
2026-01-15 12:22:58,506,38,-38,45,21,-21,11,10,19,1730,2697,2203,22,30,10,30,0,0,0
2026-01-15 12:23:04,533,38,-38,46,20,-20,11,10,19,1732,2635,2072,22,30,10,30,0,1,0
2026-01-15 12:23:11,072,38,-38,46,20,-20,11,10,19,1732,1808,458,22,30,10,30,1,1,0
2026-01-15 12:23:17,928,38,-38,46,20,-20,11,10,19,1736,2318,1399,22,30,10,30,0,1,0
2026-01-15 12:23:24,103,38,-38,46,20,-20,11,10,19,1734,2294,1347,22,30,10,30,0,1,0
2026-01-15 12:23:30,370,38,-38,46,20,-20,11,10,19,1736,2411,1593,22,30,10,30,1,1,0
2026-01-15 12:23:36,411,38,-38,46,20,-20,11,10,19,1738,1814,467,22,30,10,30,0,1,0
2026-01-15 12:23:42,436,38,-38,46,20,-20,11,10,19,1736,2108,937,22,30,10,30,0,1,0
2026-01-15 12:23:48,472,38,-38,46,20,-20,11,10,19,1738,2411,1593,22,30,10,30,0,1,0
2026-01-15 12:23:54,492,38,-38,46,20,-20,11,10,19,1736,1834,494,22,30,10,30,0,1,0
2026-01-15 12:24:00,645,38,-38,46,20,-20,11,10,19,1740,2411,1593,22,30,10,30,1,1,0
2026-01-15 12:24:06,962,38,-38,46,20,-20,10,10,19,1738,2518,1819,22,30,10,30,0,1,0
2026-01-15 12:24:13,582,38,-38,46,20,-20,10,10,19,1740,2466,1703,22,30,10,30,0,1,0
2026-01-15 12:24:20,524,38,-38,46,20,-20,10,10,19,1742,2425,1623,22,30,13,32,1,1,0
2026-01-15 12:24:26,831,38,-38,47,20,-20,10,10,19,1740,2466,1703,22,30,10,30,0,1,0
2026-01-15 12:24:32,889,38,-38,47,20,-20,10,10,19,1742,2466,1703,22,30,10,30,0,1,0
2026-01-15 12:24:39,026,38,-38,47,19,-19,10,9,19,1742,2440,1648,22,30,10,30,0,1,0
2026-01-15 12:24:45,357,38,-38,47,19,-19,10,9,19,1742,2294,1347,22,30,10,30,0,1,0
2026-01-15 12:24:52,138,38,-38,47,19,-19,10,9,19,1742,2318,1399,22,30,10,30,0,1,0
2026-01-15 12:24:58,205,38,-38,47,19,-19,10,9,19,1746,2318,1399,22,30,10,30,0,1,0
2026-01-15 12:25:04,772,39,-39,47,19,-19,11,9,19,1744,2274,1295,22,30,10,30,0,1,0
2026-01-15 12:25:10,882,39,-39,47,19,-19,13,9,19,1746,2388,1546,22,30,10,30,1,1,0
2026-01-15 12:25:17,025,39,-39,47,19,-19,10,9,19,1750,1849,514,22,30,10,30,0,1,0
2026-01-15 12:25:23,231,39,-39,47,19,-19,11,9,19,1748,2411,1593,22,30,10,30,0,1,0
2026-01-15 12:25:30,192,39,-39,47,19,-19,10,9,19,1748,2388,1546,22,30,10,30,1,1,0
2026-01-15 12:25:36,224,39,-39,47,19,-19,10,9,19,1750,1822,477,22,30,10,30,0,1,0
2026-01-15 12:25:42,237,39,-39,47,19,-19,10,9,19,1748,2261,1267,22,30,10,30,0,1,0
2026-01-15 12:25:48,486,39,-39,47,19,-19,10,9,19,1748,2425,1623,22,30,10,30,0,1,0
2026-01-15 12:25:55,109,39,-39,47,19,-19,10,9,19,1752,1849,514,22,30,10,30,0,1,0
2026-01-15 12:26:01,242,39,-39,47,19,-19,10,9,19,1750,2440,1648,22,30,10,30,1,1,0
2026-01-15 12:26:07,385,39,-39,48,19,-19,10,9,19,1750,1943,653,22,30,10,30,0,1,0
2026-01-15 12:26:14,281,39,-39,48,19,-19,10,9,19,1754,1834,494,22,30,10,30,0,1,0
2026-01-15 12:26:20,594,39,-39,48,19,-19,9,9,19,1752,2411,1593,22,30,10,30,1,1,0
2026-01-15 12:26:26,721,39,-39,48,19,-19,9,9,19,1750,2411,1593,22,30,10,30,0,1,0
2026-01-15 12:26:32,880,39,-39,48,19,-19,9,9,19,1754,1928,626,22,30,10,30,0,1,0
2026-01-15 12:26:39,047,39,-39,48,19,-19,9,9,19,1734,1970,694,22,30,13,32,0,1,0
2026-01-15 12:26:45,364,39,-39,48,19,-19,10,9,19,1736,2411,1593,22,30,10,30,0,1,0
2026-01-15 12:26:52,600,39,-39,48,19,-19,9,9,19,1736,2411,1593,22,30,10,30,0,1,0
2026-01-15 12:26:58,750,39,-39,48,19,-19,9,9,19,1734,1895,579,22,30,10,30,0,1,0
2026-01-15 12:27:04,816,39,-39,48,19,-19,10,9,19,1738,1928,626,22,30,10,30,0,1,0
2026-01-15 12:27:10,877,39,-39,48,19,-19,10,9,19,1734,2440,1648,22,30,10,30,1,1,0
2026-01-15 12:27:17,261,39,-39,48,19,-19,10,9,19,1738,1808,458,22,30,10,30,0,1,0
2026-01-15 12:27:23,432,39,-39,48,19,-19,9,9,19,1736,1959,676,22,30,10,30,0,1,0
2026-01-15 12:27:30,462,40,-40,48,19,-19,10,9,20,1734,1986,723,22,30,10,30,1,1,0
2026-01-15 12:27:36,475,40,-40,48,19,-19,10,9,20,1736,717,48,22,30,10,30,0,1,0
2026-01-15 12:27:42,631,40,-40,48,19,-19,10,9,20,1736,1994,736,22,30,10,30,0,1,0
2026-01-15 12:27:49,121,40,-40,48,19,-19,10,9,20,1736,2023,789,22,30,10,30,0,1,0
2026-01-15 12:27:55,376,40,-40,49,19,-19,10,9,20,1736,1560,215,22,30,14,33,0,1,0
2026-01-15 12:28:01,564,40,-40,49,19,-19,9,9,20,1736,2034,809,22,30,10,30,1,1,0
2026-01-15 12:28:14,792,41,-41,49,18,-18,9,9,20,1734,1579,228,22,30,10,30,0,1,0
2026-01-15 12:28:20,829,42,-42,50,18,-18,9,9,21,1736,2090,901,22,30,10,30,1,1,0
2026-01-15 12:28:27,322,42,-42,50,17,-17,9,8,21,1734,2070,859,22,30,10,30,0,1,0
2026-01-15 12:28:33,444,42,-42,51,17,-17,9,8,21,1734,2023,789,22,30,10,30,0,1,0
2026-01-15 12:28:39,499,42,-42,51,17,-17,9,8,21,1736,2116,951,22,30,14,33,0,1,0
2026-01-15 12:28:45,623,43,-43,51,17,-17,9,8,21,1734,2034,809,22,30,10,30,0,1,0
2026-01-15 12:28:51,649,43,-43,51,17,-17,8,8,21,1736,1994,736,22,30,10,30,1,1,0
2026-01-15 12:28:57,689,43,-43,52,16,-16,9,8,21,1732,1526,189,22,30,12,32,0,1,0
2026-01-15 12:29:03,933,43,-43,52,16,-16,9,8,21,1732,1994,736,22,30,10,30,0,1,0
2026-01-15 12:29:10,780,43,-43,52,16,-16,8,8,21,1734,1994,736,22,30,10,30,1,1,0
2026-01-15 12:29:16,827,43,-43,52,16,-16,8,8,21,1736,1505,175,22,30,10,30,0,1,0
2026-01-15 12:29:22,893,44,-44,52,16,-16,8,8,22,1734,1814,467,22,30,10,30,0,1,0
2026-01-15 12:29:28,953,44,-44,53,16,-16,8,8,22,1736,2023,789,22,30,10,30,0,1,0
2026-01-15 12:29:35,117,44,-44,53,16,-16,10,8,22,1736,1934,637,22,30,10,30,0,1,0
2026-01-15 12:29:41,200,44,-44,53,15,-15,8,7,22,1738,1895,579,22,30,10,30,0,1,0
2026-01-15 12:29:47,347,44,-44,53,15,-15,9,7,22,1736,2480,1733,22,30,10,30,0,1,0
2026-01-15 12:29:53,521,44,-44,53,15,-15,8,7,22,1738,1976,705,22,30,10,30,0,1,0
2026-01-15 12:29:59,654,44,-44,53,15,-15,8,7,22,1736,1951,665,22,30,10,30,0,1,0
2026-01-15 12:30:05,730,43,-43,53,15,-15,8,7,21,1740,1849,514,22,30,10,30,1,1,0
2026-01-15 12:30:12,026,43,-43,53,15,-15,8,7,21,1738,2546,1876,22,30,10,30,0,1,0
2026-01-15 12:30:19,068,43,-43,52,15,-15,9,7,21,1738,1408,153,22,30,10,30,0,1,0
2026-01-15 12:30:25,090,43,-43,52,16,-16,8,8,21,1736,1808,458,22,30,10,30,1,1,0
2026-01-15 12:30:31,221,43,-43,52,16,-16,8,8,21,1740,2563,1917,22,30,10,30,0,1,0
2026-01-15 12:30:37,351,43,-43,52,16,-16,8,8,21,1738,2579,1946,22,30,10,30,0,1,0
2026-01-15 12:30:43,487,43,-43,52,16,-16,8,8,21,1736,1882,556,22,30,10,30,0,1,0
2026-01-15 12:30:49,536,42,-42,52,16,-16,8,8,21,1736,2532,1850,22,30,10,30,0,1,0
2026-01-15 12:30:55,668,42,-42,52,16,-16,8,8,21,1736,2563,1917,22,30,10,30,1,1,0
2026-01-15 12:31:01,811,42,-42,51,16,-16,8,8,21,1736,1934,637,22,30,10,30,0,1,0
2026-01-15 12:31:07,879,42,-42,51,16,-16,8,8,21,1734,2015,773,22,30,10,30,0,1,0
2026-01-15 12:31:13,916,42,-42,51,16,-16,9,8,21,1736,2621,2035,22,30,10,30,0,1,0
2026-01-15 12:31:20,151,42,-42,51,16,-16,9,8,21,1734,1994,736,22,30,10,30,0,1,0
2026-01-15 12:31:26,325,42,-42,51,17,-17,9,8,21,1734,2621,2035,22,30,10,30,1,1,0
2026-01-15 12:31:33,473,41,-41,51,17,-17,9,8,20,1734,2635,2072,22,30,10,30,0,1,0
2026-01-15 12:31:40,176,41,-41,51,17,-17,9,8,20,1734,2023,789,22,30,10,30,0,1,0
2026-01-15 12:31:46,753,41,-41,51,17,-17,9,8,20,1732,2518,1819,22,30,10,30,1,1,0
2026-01-15 12:31:53,399,41,-41,51,17,-17,9,8,20,1732,2635,2072,22,30,10,30,0,1,0
2026-01-15 12:31:59,689,41,-41,51,17,-17,9,8,20,1730,2007,760,22,30,10,30,0,1,0
2026-01-15 12:32:05,821,41,-41,51,17,-17,9,8,20,1730,2546,1876,22,30,10,30,1,1,0
2026-01-15 12:32:12,198,41,-41,50,17,-17,10,8,20,1730,2635,2072,22,30,10,30,0,1,0
2026-01-15 12:32:19,824,41,-41,50,17,-17,12,8,20,1728,1994,736,22,30,10,30,0,1,0
2026-01-15 12:32:25,988,41,-41,50,17,-17,10,8,20,1730,2454,1678,22,30,10,30,1,1,0
2026-01-15 12:32:32,235,41,-41,50,17,-17,11,8,20,1728,2621,2035,22,30,10,30,0,1,0
2026-01-15 12:32:38,779,42,-42,50,20,-20,15,10,21,1728,2697,2203,22,30,10,30,0,1,0
2026-01-15 12:32:45,722,42,-42,51,22,-22,17,11,21,1730,2919,2673,22,30,10,30,1,0,0
2026-01-15 12:32:51,760,43,-43,51,24,-24,17,12,21,1730,3661,4256,22,30,10,30,0,0,0
2026-01-15 12:32:57,939,44,-44,51,26,-26,16,13,22,1730,3633,4189,22,30,10,30,0,0,0
2026-01-15 12:33:03,961,44,-44,51,26,-26,16,13,22,1734,3496,3905,22,30,10,30,0,0,0
2026-01-15 12:33:10,190,45,-45,52,26,-26,16,13,22,1730,3409,3728,22,30,10,30,0,0,0
2026-01-15 12:33:16,349,46,-46,52,25,-25,15,12,23,1734,3075,3010,22,30,10,30,0,0,0
2026-01-15 12:33:22,380,47,-47,53,24,-24,15,12,23,-859,3633,4189,22,30,10,30,0,0,0
2026-01-15 12:33:28,671,48,-48,53,23,-23,15,11,24,-859,3633,4189,22,30,10,30,0,0,0
2026-01-15 12:33:41,852,50,-50,54,21,-21,14,10,25,1720,3633,4189,22,30,10,30,0,0,0
2026-01-15 12:33:48,169,50,-50,54,21,-21,14,10,25,1724,3633,4189,22,30,10,30,0,0,0
2026-01-15 12:33:54,326,51,-51,55,20,-20,13,10,25,1732,3633,4189,22,30,10,30,0,1,0
2026-01-15 12:34:00,430,51,-51,55,20,-20,13,10,25,1732,3075,3010,22,30,10,30,0,1,0
2026-01-15 12:34:06,477,52,-52,55,19,-19,14,9,26,1738,3247,3381,22,30,10,30,0,1,0
2026-01-15 12:34:12,609,52,-52,56,19,-19,17,9,26,1742,2710,2246,22,30,10,30,0,1,0
2026-01-15 12:34:18,758,53,-53,56,20,-20,17,10,26,1742,2840,2519,22,30,10,30,0,1,0
2026-01-15 12:34:24,937,53,-53,56,21,-21,18,10,26,1742,3633,4189,22,30,10,30,0,0,0
2026-01-15 12:34:31,948,53,-53,56,23,-23,24,11,26,1744,3409,3728,22,30,10,30,0,0,0
2026-01-15 12:34:38,332,53,-53,56,23,-23,18,11,26,1746,3319,3529,22,30,10,30,0,0,0
2026-01-15 12:34:44,392,54,-54,56,23,-23,18,11,27,1746,3319,3529,22,30,10,30,0,0,0
2026-01-15 12:34:50,535,54,-54,56,23,-23,17,11,27,1746,3294,3474,22,30,10,30,0,0,0
2026-01-15 12:34:56,729,54,-54,57,23,-23,17,11,27,1748,3225,3327,22,30,10,30,0,0,0
2026-01-15 12:35:02,764,54,-54,57,22,-22,17,11,27,1746,3344,3584,22,30,10,30,0,0,0
2026-01-15 12:35:08,917,54,-54,57,22,-22,16,11,27,1744,3225,3327,22,30,12,31,0,1,0
2026-01-15 12:35:14,965,54,-54,57,22,-22,16,11,27,1746,2760,2348,22,30,13,32,0,1,0
2026-01-15 12:35:21,148,54,-54,57,22,-22,17,11,27,1748,2991,2835,22,30,10,30,0,0,0
2026-01-15 12:35:34,310,54,-54,57,22,-22,19,11,27,1748,3409,3728,22,30,10,30,0,0,0
2026-01-15 12:35:40,510,54,-54,57,23,-23,18,11,27,1746,3344,3584,22,30,10,30,0,0,0
2026-01-15 12:35:46,583,54,-54,57,23,-23,17,11,27,1744,3319,3529,22,30,10,30,0,0,0
2026-01-15 12:35:52,823,54,-54,57,23,-23,17,11,27,1744,3266,3420,22,30,10,30,0,0,0
2026-01-15 12:35:58,891,54,-54,57,23,-23,17,11,27,1742,3266,3420,22,30,10,30,0,0,0
2026-01-15 12:36:05,048,54,-54,57,22,-22,17,11,27,1742,3247,3381,22,30,10,30,0,0,0
2026-01-15 12:36:11,078,54,-54,57,22,-22,17,11,27,1742,3225,3327,22,30,10,30,0,0,0
2026-01-15 12:36:17,192,54,-54,57,22,-22,16,11,27,1740,3247,3381,22,30,10,30,0,0,0
2026-01-15 12:36:23,284,54,-54,57,22,-22,16,11,27,1740,3247,3381,22,30,10,30,0,0,0
2026-01-15 12:36:29,490,54,-54,56,22,-22,16,11,27,1738,3225,3327,22,30,10,30,0,0,0
2026-01-15 12:36:35,545,54,-54,56,22,-22,16,11,27,1742,3138,3142,22,30,10,30,0,0,0
2026-01-15 12:36:41,625,54,-54,56,22,-22,16,11,27,1740,3036,2922,22,30,10,30,0,0,0
2026-01-15 12:36:47,779,54,-54,56,21,-21,16,10,27,1738,3138,3142,22,30,10,30,0,0,0
2026-01-15 12:36:53,973,53,-53,56,21,-21,16,10,26,1740,2977,2804,22,30,10,30,0,0,0
2026-01-15 12:37:00,155,53,-53,56,21,-21,15,10,26,1736,3138,3142,22,30,10,30,0,0,0
2026-01-15 12:37:06,181,53,-53,56,21,-21,16,10,26,1736,3013,2878,22,30,10,30,0,0,0
2026-01-15 12:37:12,286,53,-53,56,21,-21,15,10,26,1734,2940,2715,22,30,10,30,0,0,0
2026-01-15 12:37:18,624,53,-53,56,21,-21,15,10,26,1734,3075,3010,22,30,10,30,0,0,0
2026-01-15 12:37:24,669,53,-53,56,21,-21,15,10,26,1734,2940,2715,22,30,10,30,0,0,0
2026-01-15 12:37:31,150,53,-53,55,21,-21,15,10,26,1734,2901,2631,22,30,10,30,0,0,0
2026-01-15 12:37:37,209,52,-52,55,21,-21,15,10,26,1732,3633,4189,22,30,10,30,0,0,0
2026-01-15 12:37:43,243,52,-52,55,21,-21,15,10,26,1732,2828,2489,22,30,10,30,0,0,0
2026-01-15 12:37:49,246,52,-52,55,21,-21,15,10,26,1732,2840,2519,22,30,12,31,0,1,0
2026-01-15 12:37:55,299,52,-52,55,21,-21,15,10,26,1730,3496,3905,22,30,10,30,0,0,0
2026-01-15 12:38:01,566,52,-52,55,21,-21,16,10,26,1732,3075,3010,22,30,10,30,0,0,0
2026-01-15 12:38:07,609,52,-52,55,21,-21,16,10,26,1730,3689,4320,22,30,10,30,0,0,0
2026-01-15 12:38:13,816,51,-51,54,22,-22,16,11,25,1728,3689,4320,22,30,10,30,0,0,0
2026-01-15 12:38:20,042,51,-51,54,22,-22,16,11,25,1728,2760,2348,22,30,10,30,0,0,0
2026-01-15 12:38:26,293,51,-51,54,22,-22,16,11,25,1728,3633,4189,22,30,10,30,0,0,0
2026-01-15 12:38:32,367,51,-51,54,22,-22,16,11,25,1730,3689,4320,22,30,10,30,0,0,0
2026-01-15 12:38:38,730,51,-51,54,22,-22,16,11,25,1728,3633,4189,22,30,10,30,0,0,0
2026-01-15 12:38:45,256,50,-50,54,22,-22,16,11,25,1728,3633,4189,22,30,10,30,0,0,0
2026-01-15 12:38:51,331,50,-50,53,22,-22,16,11,25,1726,3633,4189,22,30,10,30,0,0,0
2026-01-15 12:38:57,717,50,-50,53,22,-22,16,11,25,1726,3633,4189,22,30,10,30,0,0,0
2026-01-15 12:39:03,777,50,-50,53,22,-22,16,11,25,1724,3633,4189,22,30,10,30,0,0,0
2026-01-15 12:39:09,849,50,-50,53,22,-22,16,11,25,1724,3633,4189,22,30,10,30,0,0,0
2026-01-15 12:39:15,933,50,-50,53,22,-22,16,11,25,1724,3633,4189,22,30,10,30,0,0,0
2026-01-15 12:39:22,299,49,-49,53,22,-22,16,11,24,1724,3633,4189,22,30,10,30,0,0,0
2026-01-15 12:39:28,352,49,-49,52,22,-22,16,11,24,1724,3633,4189,22,30,10,30,0,0,0
2026-01-15 12:39:34,610,49,-49,52,23,-23,16,11,24,1724,3633,4189,22,30,10,30,0,0,0
2026-01-15 12:39:40,697,49,-49,52,23,-23,16,11,24,1726,3633,4189,22,30,10,30,0,0,0
2026-01-15 12:39:46,775,49,-49,52,23,-23,17,11,24,1726,3633,4189,22,30,10,30,0,0,0
2026-01-15 12:39:52,888,48,-48,52,23,-23,17,11,24,1724,3633,4189,22,30,10,30,0,0,0
2026-01-15 12:39:59,321,48,-48,52,23,-23,17,11,24,1724,3633,4189,22,30,10,30,0,0,0
2026-01-15 12:40:05,590,48,-48,51,23,-23,17,11,24,1722,3633,4189,22,30,10,30,0,0,0
2026-01-15 12:40:11,745,48,-48,51,23,-23,17,11,24,1722,3633,4189,22,30,10,30,0,0,0
2026-01-15 12:40:17,834,48,-48,51,23,-23,17,11,24,1726,3633,4189,22,30,10,30,0,0,0
2026-01-15 12:40:23,946,48,-48,51,23,-23,17,11,24,1724,3294,3474,22,30,10,30,0,0,0
2026-01-15 12:40:30,029,47,-47,51,24,-24,17,12,23,1724,3159,3187,22,30,10,30,0,0,0
2026-01-15 12:40:36,085,47,-47,50,24,-24,17,12,23,1722,3319,3529,22,30,10,30,0,0,0
2026-01-15 12:40:42,154,47,-47,50,24,-24,18,12,23,1724,3366,3630,22,30,10,30,0,0,0
2026-01-15 12:40:48,269,47,-47,50,24,-24,17,12,23,1722,3409,3728,22,30,10,30,0,0,0
2026-01-15 12:40:54,430,47,-47,50,24,-24,18,12,23,1724,3319,3529,22,30,10,30,0,0,0
2026-01-15 12:41:01,070,46,-46,50,24,-24,18,12,23,1722,3633,4189,22,30,10,30,0,0,0
2026-01-15 12:41:07,138,46,-46,50,24,-24,18,12,23,1724,3438,3784,22,30,10,30,0,0,0
2026-01-15 12:41:14,058,46,-46,49,25,-25,18,12,23,1722,3633,4189,22,30,10,30,0,0,0
2026-01-15 12:41:20,106,46,-46,49,25,-25,18,12,23,1722,3409,3728,22,30,10,30,0,0,0
2026-01-15 12:41:26,137,46,-46,49,25,-25,18,12,23,1724,3183,3232,22,30,10,30,0,0,0
2026-01-15 12:41:32,213,45,-45,49,25,-25,18,12,22,1722,2728,2280,22,30,10,30,0,0,0
2026-01-15 12:41:38,739,45,-45,48,25,-25,19,12,22,1722,3247,3381,22,30,10,30,0,0,0
2026-01-15 12:41:44,755,45,-45,48,25,-25,19,12,22,-861,2840,2519,22,30,10,30,0,0,0
2026-01-15 12:41:51,305,45,-45,48,25,-25,19,12,22,1724,2466,1703,22,30,10,30,0,0,0
2026-01-15 12:42:05,320,44,-44,48,26,-26,19,13,22,1722,2742,2309,22,30,10,30,0,0,0
2026-01-15 12:42:11,414,44,-44,47,26,-26,19,13,22,1724,2648,2094,22,30,10,30,0,0,0
2026-01-15 12:42:17,574,44,-44,47,26,-26,19,13,22,1722,2635,2072,22,30,10,30,0,0,0
2026-01-15 12:42:23,688,44,-44,47,26,-26,19,13,22,1722,2828,2489,22,30,10,30,0,0,0
2026-01-15 12:42:29,748,44,-44,47,26,-26,24,13,22,1724,2328,1414,22,30,10,30,0,0,0
2026-01-15 12:42:36,610,44,-44,47,27,-27,24,13,22,1722,2411,1593,22,30,10,30,0,0,0
2026-01-15 12:42:42,674,43,-43,47,27,-27,24,13,21,1724,2681,2159,22,30,10,30,0,0,0
2026-01-15 12:42:48,810,43,-43,46,27,-27,24,13,21,1720,2697,2203,22,30,10,30,0,0,0
2026-01-15 12:42:54,941,43,-43,46,27,-27,24,13,21,1720,1083,104,22,30,10,30,0,0,0
2026-01-15 12:43:01,754,43,-43,46,27,-27,25,13,21,1720,2875,2601,22,30,10,30,0,0,0
2026-01-15 12:43:07,815,43,-43,46,28,-28,25,14,21,1718,2901,2631,22,30,10,30,0,0,0
2026-01-15 12:43:14,075,43,-43,46,28,-28,25,14,21,1720,2090,901,22,30,10,30,0,0,0
2026-01-15 12:43:20,220,43,-43,46,28,-28,25,14,21,-862,2760,2348,22,30,10,30,0,0,0
2026-01-15 12:43:26,282,43,-43,45,28,-28,25,14,21,-860,2666,2132,22,30,10,30,0,0,0
2026-01-15 12:43:32,308,43,-43,45,28,-28,25,14,21,-860,2635,2072,22,30,10,30,0,0,0
2026-01-15 12:43:38,375,43,-43,45,28,-28,25,14,21,-859,2681,2159,22,30,12,32,0,0,0
2026-01-15 12:43:44,424,43,-43,45,28,-28,25,14,21,-861,2635,2072,22,30,11,31,0,0,0
2026-01-15 12:43:50,470,43,-43,45,28,-28,25,14,21,-859,2760,2348,22,30,10,30,0,0,0
2026-01-15 12:43:56,535,43,-43,45,28,-28,25,14,21,-860,2606,2008,22,30,13,32,0,0,0
2026-01-15 12:44:02,713,43,-43,45,28,-28,25,14,21,-859,2635,2072,22,30,10,30,0,0,0
2026-01-15 12:44:08,741,43,-43,45,28,-28,25,14,21,-860,2697,2203,22,30,13,32,0,0,0
2026-01-15 12:44:14,920,43,-43,45,28,-28,25,14,21,-860,2666,2132,22,30,10,30,0,0,0
2026-01-15 12:44:28,092,43,-43,45,28,-28,25,14,21,1694,2697,2203,22,30,10,30,0,0,0
2026-01-15 12:44:34,116,43,-43,46,27,-27,25,13,21,1694,2635,2072,22,30,10,30,0,0,0
2026-01-15 12:44:40,208,43,-43,46,27,-27,25,13,21,1694,2532,1850,22,30,10,30,1,0,0
2026-01-15 12:44:46,312,44,-44,46,27,-27,25,13,22,1690,3344,3584,22,30,10,30,0,0,0
2026-01-15 12:44:52,462,44,-44,46,27,-27,25,13,22,1692,2666,2132,22,30,10,30,0,0,0
2026-01-15 12:44:58,577,44,-44,46,27,-27,24,13,22,1690,2532,1850,22,30,10,30,0,0,0
2026-01-15 12:45:04,633,44,-44,46,27,-27,24,13,22,1688,2480,1733,22,30,10,30,0,0,0
2026-01-15 12:45:10,648,44,-44,46,26,-26,24,13,22,1684,3266,3420,22,30,10,30,0,0,0
2026-01-15 12:45:16,705,44,-44,46,26,-26,24,13,22,1688,2648,2094,22,30,10,30,0,0,0
2026-01-15 12:45:22,783,45,-45,46,26,-26,24,13,22,1684,2440,1648,22,30,10,30,0,0,0
2026-01-15 12:45:29,020,45,-45,46,26,-26,24,13,22,1684,3319,3529,22,30,10,30,0,0,0
2026-01-15 12:45:35,066,45,-45,47,26,-26,24,13,22,1684,3366,3630,22,30,10,30,0,0,0
2026-01-15 12:45:41,174,45,-45,47,25,-25,24,12,22,1684,2492,1763,22,30,10,30,0,0,0
2026-01-15 12:45:47,236,45,-45,47,25,-25,19,12,22,1682,3319,3529,22,30,10,30,0,0,0
2026-01-15 12:45:53,280,45,-45,47,25,-25,19,12,22,1680,3319,3529,22,30,10,30,0,0,0
2026-01-15 12:45:59,361,45,-45,47,25,-25,19,12,22,1682,3366,3630,22,30,10,30,0,0,0
2026-01-15 12:46:05,454,45,-45,47,25,-25,19,12,22,-860,3319,3529,22,30,10,30,0,0,0
2026-01-15 12:46:11,509,45,-45,47,25,-25,19,12,22,-859,3266,3420,22,30,10,30,0,0,0
2026-01-15 12:46:17,579,45,-45,47,25,-25,19,12,22,-859,3266,3420,22,30,10,30,0,0,0
2026-01-15 12:46:23,617,45,-45,47,25,-25,19,12,22,-860,3344,3584,22,30,10,30,0,0,0
2026-01-15 12:46:29,718,45,-45,47,25,-25,19,12,22,-860,3366,3630,22,30,10,30,0,0,0
2026-01-15 12:46:35,894,45,-45,47,25,-25,19,12,22,-860,3344,3584,22,30,10,30,0,0,0
2026-01-15 12:46:42,262,45,-45,47,25,-25,19,12,22,-860,3366,3630,22,30,10,30,0,0,0
2026-01-15 12:46:48,326,45,-45,47,25,-25,19,12,22,-859,3344,3584,22,30,10,30,0,0,0
2026-01-15 12:46:54,380,45,-45,47,25,-25,19,12,22,-860,3366,3630,22,30,10,30,0,0,0
2026-01-15 12:47:00,410,45,-45,47,24,-24,19,12,22,-861,3319,3529,22,30,10,30,0,0,0
2026-01-15 12:47:06,443,45,-45,47,25,-25,19,12,22,-860,3409,3728,22,30,10,30,0,0,0
2026-01-15 12:47:12,494,45,-45,47,25,-25,19,12,22,-860,3344,3584,22,30,10,30,0,0,0
2026-01-15 12:47:18,525,45,-45,47,25,-25,19,12,22,-859,3366,3630,22,30,10,30,0,0,0
2026-01-15 12:47:24,663,45,-45,47,25,-25,19,12,22,-859,3366,3630,22,30,10,30,0,0,0
2026-01-15 12:47:30,829,45,-45,47,25,-25,19,12,22,-859,3344,3584,22,30,10,30,0,0,0
2026-01-15 12:47:43,989,45,-45,47,25,-25,19,12,22,1670,3344,3584,22,30,10,30,0,0,0
2026-01-15 12:47:50,131,45,-45,47,25,-25,19,12,22,1668,3294,3474,22,30,10,30,0,0,0
2026-01-15 12:47:56,133,45,-45,47,25,-25,19,12,22,1668,2828,2489,22,30,10,30,0,0,0
2026-01-15 12:48:02,482,45,-45,47,25,-25,19,12,22,1666,2828,2489,22,30,10,30,0,0,0
2026-01-15 12:48:08,513,45,-45,47,25,-25,19,12,22,1666,3344,3584,22,30,10,30,0,0,0
2026-01-15 12:48:14,775,45,-45,46,25,-25,19,12,22,1666,3389,3686,22,30,10,30,0,0,0
2026-01-15 12:48:20,916,44,-44,46,25,-25,19,12,22,1664,3055,2960,22,30,10,30,0,0,0
2026-01-15 12:48:26,973,44,-44,46,25,-25,19,12,22,1666,3344,3584,22,30,10,30,0,0,0
2026-01-15 12:48:33,181,44,-44,46,25,-25,24,12,22,1666,3319,3529,22,30,10,30,0,0,0
2026-01-15 12:48:39,654,44,-44,46,25,-25,19,12,22,-859,2635,2072,22,30,10,30,0,0,0
2026-01-15 12:48:45,784,44,-44,46,25,-25,24,12,22,-859,3294,3474,22,30,10,30,0,0,0
2026-01-15 12:48:51,832,44,-44,46,25,-25,24,12,22,-859,3319,3529,22,30,10,30,0,0,0
2026-01-15 12:48:57,862,44,-44,46,25,-25,24,12,22,-861,3138,3142,22,30,10,30,0,0,0
2026-01-15 12:49:03,916,44,-44,46,25,-25,24,12,22,-859,2681,2159,22,30,10,30,0,0,0
2026-01-15 12:49:09,945,44,-44,46,26,-26,24,13,22,-859,3319,3529,22,30,10,30,0,0,0
2026-01-15 12:49:15,980,44,-44,46,26,-26,24,13,22,-860,3266,3420,22,30,10,30,0,0,0
2026-01-15 12:49:22,080,43,-43,45,26,-26,24,13,21,-859,2728,2280,22,30,10,30,0,0,0
2026-01-15 12:49:28,152,43,-43,45,26,-26,24,13,21,-860,2697,2203,22,30,10,30,0,0,0
2026-01-15 12:49:34,276,43,-43,45,26,-26,24,13,21,-858,3409,3728,22,30,10,30,0,0,0
2026-01-15 12:49:41,336,43,-43,45,26,-26,24,13,21,1668,2797,2417,22,30,10,30,0,0,0
2026-01-15 12:49:47,387,43,-43,45,26,-26,24,13,21,1672,2728,2280,22,30,10,30,0,0,0
2026-01-15 12:49:53,457,43,-43,45,26,-26,25,13,21,1674,2728,2280,22,30,10,30,1,0,0
2026-01-15 12:49:59,606,43,-43,45,26,-26,25,13,21,1674,2728,2280,22,30,10,30,0,0,0
2026-01-15 12:50:05,777,43,-43,45,27,-27,25,13,21,1676,2710,2246,22,30,10,30,0,0,0
2026-01-15 12:50:12,101,43,-43,45,27,-27,25,13,21,1676,2697,2203,22,30,10,30,1,0,0
2026-01-15 12:50:18,299,43,-43,45,27,-27,25,13,21,1676,2710,2246,22,30,10,30,0,0,0
2026-01-15 12:50:24,365,43,-43,45,27,-27,25,13,21,1678,2666,2132,22,30,10,30,0,0,0
2026-01-15 12:50:30,494,43,-43,45,27,-27,25,13,21,1680,2728,2280,22,30,10,30,1,0,0
2026-01-15 12:50:36,575,43,-43,45,27,-27,25,13,21,1678,2760,2348,22,30,10,30,0,0,0
2026-01-15 12:50:42,649,43,-43,45,27,-27,25,13,21,-861,2760,2348,22,30,10,30,0,0,0
2026-01-15 12:50:48,840,43,-43,45,27,-27,24,13,21,-859,2261,1267,22,30,10,30,0,0,0
2026-01-15 12:50:54,885,43,-43,45,26,-26,24,13,21,-859,2681,2159,22,30,10,30,0,0,0
2026-01-15 12:51:00,913,43,-43,45,26,-26,24,13,21,-860,2697,2203,22,30,10,30,0,0,0
2026-01-15 12:51:06,968,43,-43,45,26,-26,24,13,21,-859,2635,2072,22,30,10,30,0,0,0
2026-01-15 12:51:13,120,43,-43,45,26,-26,24,13,21,-859,2635,2072,22,30,10,30,0,0,0
2026-01-15 12:51:19,262,43,-43,45,26,-26,24,13,21,-860,2728,2280,22,30,10,30,0,0,0
2026-01-15 12:51:25,393,44,-44,45,26,-26,24,13,22,-859,2635,2072,22,30,10,30,0,0,0
2026-01-15 12:51:31,431,44,-44,46,25,-25,19,12,22,-858,2648,2094,22,30,10,30,0,0,0
2026-01-15 12:51:37,557,44,-44,46,25,-25,19,12,22,-862,2532,1850,22,30,10,30,0,0,0
2026-01-15 12:51:43,640,44,-44,46,25,-25,19,12,22,-859,2697,2203,22,30,10,30,0,0,0
2026-01-15 12:51:49,734,44,-44,46,25,-25,19,12,22,-859,2648,2094,22,30,10,30,0,0,0
2026-01-15 12:51:55,904,45,-45,46,25,-25,19,12,22,-859,2546,1876,22,30,10,30,0,0,0
2026-01-15 12:52:02,968,45,-45,46,24,-24,19,12,22,1688,2480,1733,22,30,10,30,0,0,0
2026-01-15 12:52:09,077,45,-45,46,24,-24,19,12,22,1686,2635,2072,22,30,10,30,0,0,0
2026-01-15 12:52:15,147,45,-45,46,24,-24,18,12,22,1686,2591,1977,22,30,10,30,0,0,0
2026-01-15 12:52:21,285,45,-45,47,24,-24,18,12,22,1688,2440,1648,22,30,10,30,0,0,0
2026-01-15 12:52:27,430,45,-45,47,24,-24,18,12,22,1686,3266,3420,22,30,10,30,0,0,0
2026-01-15 12:52:33,715,45,-45,47,23,-23,18,11,22,1690,2579,1946,22,30,10,30,0,0,0
2026-01-15 12:52:39,860,45,-45,47,23,-23,18,11,22,1690,2440,1648,22,30,10,30,0,0,0
2026-01-15 12:52:46,276,45,-45,47,23,-23,18,11,22,1688,3294,3474,22,30,10,30,0,0,0
2026-01-15 12:52:52,304,45,-45,47,23,-23,18,11,22,-859,2621,2035,22,30,10,30,0,0,0
2026-01-15 12:52:58,381,45,-45,47,23,-23,18,11,22,-860,2425,1623,22,30,10,30,0,0,0
2026-01-15 12:53:04,528,45,-45,47,23,-23,18,11,22,-858,3247,3381,22,30,10,30,0,0,0
2026-01-15 12:53:10,564,45,-45,47,23,-23,18,11,22,-859,3266,3420,22,30,10,30,0,0,0
2026-01-15 12:53:16,610,45,-45,47,23,-23,18,11,22,-861,2480,1733,22,30,10,30,0,0,0
2026-01-15 12:53:22,676,45,-45,47,23,-23,18,11,22,-861,3266,3420,22,30,10,30,0,0,0
2026-01-15 12:53:28,777,45,-45,47,23,-23,18,11,22,-860,3247,3381,22,30,10,30,0,0,0
2026-01-15 12:53:34,848,45,-45,47,23,-23,18,11,22,-861,3319,3529,22,30,10,30,0,0,0
2026-01-15 12:53:40,909,45,-45,47,23,-23,18,11,22,-860,2760,2348,22,30,10,30,0,0,0
2026-01-15 12:53:46,976,45,-45,47,23,-23,18,11,22,-860,3319,3529,22,30,10,30,0,0,0
2026-01-15 12:53:53,197,45,-45,47,23,-23,18,11,22,-860,3366,3630,22,30,10,30,0,0,0
2026-01-15 12:53:59,272,45,-45,47,23,-23,18,11,22,-858,3366,3630,22,30,10,30,0,0,0
2026-01-15 12:54:05,657,45,-45,47,23,-23,18,11,22,-859,3344,3584,22,30,10,30,0,0,0
2026-01-15 12:54:12,693,45,-45,47,23,-23,18,11,22,1696,3319,3529,22,30,10,30,0,0,0
2026-01-15 12:54:18,745,45,-45,47,23,-23,18,11,22,1698,3319,3529,22,30,10,30,0,0,0
2026-01-15 12:54:24,827,45,-45,47,23,-23,18,11,22,1696,3319,3529,22,30,10,30,0,0,0
2026-01-15 12:54:31,040,45,-45,47,23,-23,18,11,22,1696,3344,3584,22,30,10,30,0,0,0
2026-01-15 12:54:37,068,45,-45,47,24,-24,18,12,22,1698,3266,3420,22,30,10,30,0,0,0
2026-01-15 12:54:43,264,45,-45,47,24,-24,18,12,22,1698,3344,3584,22,30,10,30,0,0,0
2026-01-15 12:54:49,385,45,-45,47,24,-24,18,12,22,1696,3344,3584,22,30,10,30,0,0,0
2026-01-15 12:54:55,436,44,-44,46,24,-24,18,12,22,1698,3344,3584,22,30,10,30,0,0,0
2026-01-15 12:55:02,031,44,-44,46,24,-24,18,12,22,1696,3366,3630,22,30,10,30,0,0,0
2026-01-15 12:55:08,240,44,-44,46,24,-24,18,12,22,-860,3366,3630,22,30,10,30,0,0,0
2026-01-15 12:55:14,307,44,-44,46,24,-24,18,12,22,-858,3366,3630,22,30,10,30,0,0,0
2026-01-15 12:55:20,421,44,-44,46,24,-24,19,12,22,-858,3366,3630,22,30,10,30,0,0,0
2026-01-15 12:55:26,853,44,-44,46,24,-24,19,12,22,-859,3319,3529,22,30,10,30,0,0,0
2026-01-15 12:55:39,941,44,-44,46,24,-24,19,12,22,1696,3366,3630,22,30,10,30,0,0,0
2026-01-15 12:55:45,978,44,-44,46,25,-25,19,12,22,1696,3344,3584,22,30,10,30,0,0,0
2026-01-15 12:55:52,013,43,-43,46,25,-25,19,12,21,1696,3344,3584,22,30,10,30,1,0,0
2026-01-15 12:55:58,601,43,-43,46,25,-25,19,12,21,1696,3366,3630,22,30,10,30,0,0,0
2026-01-15 12:56:04,811,43,-43,46,25,-25,19,12,21,1696,2710,2246,22,30,10,30,0,0,0
2026-01-15 12:56:11,100,43,-43,45,25,-25,19,12,21,1698,3409,3728,22,30,10,30,1,0,0
2026-01-15 12:56:17,468,43,-43,45,25,-25,19,12,21,-860,3409,3728,22,30,10,30,0,0,0
2026-01-15 12:56:23,489,43,-43,45,25,-25,19,12,21,-859,2760,2348,22,30,10,30,0,0,0
2026-01-15 12:56:29,788,43,-43,45,25,-25,24,12,21,-858,2697,2203,22,30,10,30,0,0,0
2026-01-15 12:56:36,413,43,-43,45,25,-25,24,12,21,-860,3409,3728,22,30,10,30,0,0,0
2026-01-15 12:56:43,117,43,-43,45,26,-26,24,13,21,1696,3366,3630,22,30,10,30,0,0,0
2026-01-15 12:56:49,192,43,-43,45,26,-26,24,13,21,1698,2760,2348,22,30,10,30,0,0,0
2026-01-15 12:56:55,734,43,-43,45,26,-26,24,13,21,1696,2710,2246,22,30,10,30,1,0,0
2026-01-15 12:57:01,769,43,-43,45,26,-26,24,13,21,1698,3247,3381,22,30,10,30,0,0,0
2026-01-15 12:57:08,367,43,-43,45,26,-26,24,13,21,1698,2666,2132,22,30,10,30,0,0,0
2026-01-15 12:57:14,879,43,-43,45,26,-26,24,13,21,-859,2697,2203,22,30,10,30,0,0,0
2026-01-15 12:57:21,076,43,-43,45,26,-26,24,13,21,-859,2697,2203,22,30,10,30,0,0,0
2026-01-15 12:57:27,152,43,-43,45,26,-26,24,13,21,-859,2760,2348,22,30,10,30,0,0,0
2026-01-15 12:57:33,493,43,-43,45,26,-26,24,13,21,-860,2728,2280,22,30,10,30,0,0,0
2026-01-15 12:57:40,648,43,-43,45,25,-25,19,12,21,1696,2728,2280,22,30,10,30,1,0,0
2026-01-15 12:57:46,836,43,-43,45,25,-25,19,12,21,1696,2697,2203,22,30,10,30,0,0,0
2026-01-15 12:57:52,923,43,-43,45,25,-25,19,12,21,1696,2697,2203,22,30,10,30,0,0,0
2026-01-15 12:57:59,025,43,-43,45,25,-25,19,12,21,1696,2697,2203,22,30,10,30,1,0,0
2026-01-15 12:58:05,032,43,-43,45,25,-25,19,12,21,1694,2760,2348,22,30,10,30,0,0,0
2026-01-15 12:58:11,086,44,-44,45,25,-25,19,12,22,1694,3055,2960,22,30,10,30,0,0,0
2026-01-15 12:58:17,188,44,-44,46,25,-25,19,12,22,1694,2760,2348,22,30,10,30,0,0,0
2026-01-15 12:58:23,230,44,-44,46,24,-24,19,12,22,1696,2518,1819,22,30,10,30,0,0,0
2026-01-15 12:58:29,455,44,-44,46,24,-24,18,12,22,1694,2635,2072,22,30,10,30,0,0,0
2026-01-15 12:58:35,535,44,-44,46,24,-24,18,12,22,1694,2492,1763,22,30,10,30,0,0,0
2026-01-15 12:58:41,809,44,-44,46,24,-24,18,12,22,1694,2579,1946,22,30,10,30,0,0,0
2026-01-15 12:58:48,093,44,-44,46,24,-24,18,12,22,-858,2781,2388,22,30,10,30,0,0,0
2026-01-15 12:58:54,214,44,-44,46,24,-24,18,12,22,-859,2648,2094,22,30,10,30,0,0,0
2026-01-15 12:59:00,479,45,-45,46,24,-24,18,12,22,-859,2546,1876,22,30,10,30,0,0,0
2026-01-15 12:59:06,619,45,-45,46,24,-24,18,12,22,-859,2697,2203,22,30,10,30,0,0,0
2026-01-15 12:59:12,949,45,-45,46,23,-23,18,11,22,-859,2532,1850,22,30,10,30,0,0,0
2026-01-15 12:59:20,111,45,-45,46,23,-23,18,11,22,1694,2635,2072,22,30,10,30,0,0,0
2026-01-15 12:59:26,443,45,-45,47,23,-23,18,11,22,1694,2425,1623,22,30,10,30,0,0,0
2026-01-15 12:59:32,473,45,-45,46,23,-23,18,11,22,1692,2760,2348,22,30,10,30,0,0,0
2026-01-15 12:59:38,590,45,-45,47,23,-23,18,11,22,1694,2666,2132,22,30,10,30,0,0,0
2026-01-15 12:59:44,717,45,-45,47,23,-23,18,11,22,1694,2411,1593,22,30,10,30,0,0,0
2026-01-15 12:59:50,841,45,-45,47,23,-23,18,11,22,1692,3633,4189,22,30,10,30,0,0,0
2026-01-15 12:59:57,302,45,-45,47,23,-23,18,11,22,1694,2666,2132,22,30,10,30,0,0,0
2026-01-15 13:00:03,362,45,-45,47,23,-23,18,11,22,-860,2492,1763,22,30,10,30,0,0,0
2026-01-15 13:00:09,764,45,-45,47,23,-23,18,11,22,-860,3344,3584,22,30,10,30,0,0,0
2026-01-15 13:00:16,088,45,-45,47,23,-23,18,11,22,-858,3389,3686,22,30,10,30,0,0,0
2026-01-15 13:00:23,108,45,-45,47,23,-23,18,11,22,1690,2606,2008,22,30,10,30,0,0,0
2026-01-15 13:00:29,224,45,-45,46,23,-23,18,11,22,1692,3344,3584,22,30,10,30,0,0,0
2026-01-15 13:00:35,642,45,-45,46,23,-23,18,11,22,1692,3389,3686,22,30,10,30,0,0,0
2026-01-15 13:00:41,677,45,-45,46,23,-23,18,11,22,1690,3266,3420,22,30,10,30,0,0,0
2026-01-15 13:00:47,766,44,-44,46,23,-23,18,11,22,1688,2506,1794,22,30,10,30,0,0,0
2026-01-15 13:00:54,412,44,-44,46,23,-23,18,11,22,1690,3344,3584,22,30,10,30,0,0,0
2026-01-15 13:01:00,840,44,-44,46,23,-23,18,11,22,-860,3319,3529,22,30,10,30,0,0,0
2026-01-15 13:01:07,153,44,-44,46,24,-24,18,12,22,-859,2781,2388,22,30,10,30,0,0,0
2026-01-15 13:01:13,171,44,-44,46,24,-24,18,12,22,-861,3366,3630,22,30,10,30,0,0,0
2026-01-15 13:01:19,206,44,-44,46,24,-24,18,12,22,-859,3294,3474,22,30,10,30,0,0,0
2026-01-15 13:01:25,549,44,-44,46,24,-24,18,12,22,-859,3344,3584,22,30,10,30,0,0,0
2026-01-15 13:01:32,391,44,-44,46,24,-24,18,12,22,1688,3344,3584,22,30,10,30,0,0,0
2026-01-15 13:01:38,456,44,-44,46,24,-24,18,12,22,1690,3266,3420,22,30,10,30,0,0,0
2026-01-15 13:01:44,521,44,-44,46,24,-24,18,12,22,1688,3266,3420,22,30,10,30,0,0,0
2026-01-15 13:01:50,656,44,-44,46,24,-24,19,12,22,1690,3319,3529,22,30,10,30,0,0,0
2026-01-15 13:01:57,252,44,-44,46,24,-24,19,12,22,1688,3159,3187,22,30,10,30,0,0,0
2026-01-15 13:02:03,639,43,-43,46,24,-24,19,12,21,1688,3225,3327,22,30,10,30,0,0,0
2026-01-15 13:02:09,726,43,-43,45,24,-24,19,12,21,-858,3438,3784,22,30,10,30,0,0,0
2026-01-15 13:02:16,329,43,-43,45,25,-25,19,12,21,-859,3319,3529,22,30,10,30,0,0,0
2026-01-15 13:02:22,396,43,-43,45,25,-25,19,12,21,-860,3366,3630,22,30,10,30,0,0,0
2026-01-15 13:02:28,425,43,-43,45,25,-25,19,12,21,-859,3319,3529,22,30,10,30,0,0,0
2026-01-15 13:02:34,728,43,-43,45,25,-25,19,12,21,-859,3366,3630,22,30,10,30,0,0,0
2026-01-15 13:02:41,555,43,-43,45,25,-25,19,12,21,1690,3366,3630,22,30,10,30,0,0,0
2026-01-15 13:02:47,621,43,-43,45,25,-25,19,12,21,1690,3319,3529,22,30,10,30,0,0,0
2026-01-15 13:02:54,158,43,-43,45,25,-25,19,12,21,1690,3409,3728,22,30,10,30,1,0,0
2026-01-15 13:03:00,270,43,-43,45,25,-25,19,12,21,1692,3633,4189,22,30,10,30,0,0,0
2026-01-15 13:03:06,659,43,-43,45,25,-25,19,12,21,1688,3409,3728,22,30,10,30,0,0,0
2026-01-15 13:03:12,697,43,-43,45,25,-25,19,12,21,-860,3159,3187,22,30,10,30,0,0,0
2026-01-15 13:03:18,758,43,-43,45,25,-25,19,12,21,-859,3409,3728,22,30,10,30,0,0,0
2026-01-15 13:03:24,889,43,-43,45,25,-25,19,12,21,-858,3319,3529,22,30,10,30,0,0,0
2026-01-15 13:03:30,966,43,-43,45,25,-25,19,12,21,-859,3266,3420,22,30,10,30,0,0,0
2026-01-15 13:03:37,054,43,-43,45,25,-25,19,12,21,-858,2666,2132,22,30,10,30,0,0,0
2026-01-15 13:03:43,305,43,-43,45,25,-25,19,12,21,-860,3547,4025,22,30,10,30,0,0,0
2026-01-15 13:03:49,375,43,-43,45,25,-25,19,12,21,-859,3633,4189,22,30,10,30,0,0,0
2026-01-15 13:03:55,500,43,-43,45,25,-25,19,12,21,-859,2781,2388,22,30,10,30,0,0,0
2026-01-15 13:04:01,628,43,-43,45,25,-25,19,12,21,-859,2760,2348,22,30,10,30,0,0,0
2026-01-15 13:04:07,693,43,-43,45,25,-25,19,12,21,-858,3574,4084,22,30,10,30,0,0,0
2026-01-15 13:04:13,932,44,-44,45,25,-25,19,12,22,-860,3366,3630,22,30,10,30,0,0,0
2026-01-15 13:04:21,066,44,-44,46,24,-24,19,12,22,1692,2812,2457,22,30,10,30,0,0,0
2026-01-15 13:04:27,187,44,-44,46,24,-24,18,12,22,1692,2666,2132,22,30,10,30,0,0,0
2026-01-15 13:04:33,314,44,-44,46,24,-24,18,12,22,1690,3470,3848,22,30,10,30,0,0,0
2026-01-15 13:04:39,380,44,-44,46,24,-24,18,12,22,1690,2828,2489,22,30,10,30,0,0,0
2026-01-15 13:04:45,515,44,-44,46,23,-23,18,11,22,1688,2760,2348,22,30,10,30,0,0,0
2026-01-15 13:04:51,594,45,-45,46,23,-23,18,11,22,1686,2760,2348,22,30,10,30,0,0,0
2026-01-15 13:04:57,670,45,-45,46,23,-23,18,11,22,1686,3055,2960,22,30,10,30,0,0,0
2026-01-15 13:05:03,716,45,-45,46,23,-23,17,11,22,1686,2760,2348,22,30,10,30,0,0,0
2026-01-15 13:05:09,745,45,-45,47,23,-23,17,11,22,1682,2797,2417,22,30,10,30,0,0,0
2026-01-15 13:05:15,785,45,-45,47,23,-23,17,11,22,1686,2828,2489,22,30,10,30,0,0,0
2026-01-15 13:05:22,078,45,-45,47,23,-23,17,11,22,1684,2858,2553,22,30,10,30,0,0,0
2026-01-15 13:05:28,188,45,-45,47,23,-23,17,11,22,1682,2760,2348,22,30,10,30,0,0,0
2026-01-15 13:05:34,275,45,-45,47,23,-23,17,11,22,1684,2781,2388,22,30,10,30,0,0,0
2026-01-15 13:05:40,815,45,-45,47,23,-23,17,11,22,-859,2828,2489,22,30,10,30,0,0,0
2026-01-15 13:05:46,917,45,-45,47,23,-23,17,11,22,-860,2919,2673,22,30,10,30,0,0,0
2026-01-15 13:05:52,984,45,-45,47,23,-23,17,11,22,-860,2977,2804,22,30,10,30,0,0,0
2026-01-15 13:05:59,052,45,-45,47,23,-23,17,11,22,-858,2957,2750,22,30,10,30,0,0,0
2026-01-15 13:06:05,097,45,-45,47,23,-23,17,11,22,-858,2901,2631,22,30,10,30,0,0,0
2026-01-15 13:06:11,139,45,-45,47,23,-23,17,11,22,-860,2901,2631,22,30,10,30,0,0,0
2026-01-15 13:06:17,341,45,-45,47,23,-23,17,11,22,-860,2875,2601,22,30,10,30,0,0,0
2026-01-15 13:06:24,006,45,-45,47,23,-23,18,11,22,-859,2828,2489,22,30,10,30,0,0,0
2026-01-15 13:06:31,036,45,-45,47,23,-23,17,11,22,1680,2797,2417,22,30,10,30,0,0,0
2026-01-15 13:06:37,358,45,-45,47,23,-23,17,11,22,1678,2901,2631,22,30,10,30,0,0,0
2026-01-15 13:06:43,888,45,-45,47,23,-23,17,11,22,1674,2875,2601,22,30,10,30,0,0,0
2026-01-15 13:06:49,925,45,-45,47,23,-23,17,11,22,-863,2828,2489,22,30,10,30,0,0,0
2026-01-15 13:06:56,092,45,-45,47,23,-23,17,11,22,-858,2666,2132,22,30,10,30,0,0,0
2026-01-15 13:07:02,160,45,-45,47,23,-23,17,11,22,-859,2919,2673,22,30,10,30,0,0,0
2026-01-15 13:07:08,288,45,-45,47,23,-23,18,11,22,-859,2840,2519,22,30,10,30,0,0,0
2026-01-15 13:07:14,421,45,-45,47,23,-23,18,11,22,-860,2666,2132,22,30,10,30,0,0,0
2026-01-15 13:07:20,758,45,-45,46,23,-23,18,11,22,-859,3633,4189,22,30,10,30,0,0,0
2026-01-15 13:07:28,111,44,-44,46,23,-23,18,11,22,1664,2797,2417,22,30,10,30,0,0,0
2026-01-15 13:07:34,153,44,-44,46,24,-24,18,12,22,1664,2710,2246,22,30,10,30,0,0,0
2026-01-15 13:07:40,787,44,-44,46,24,-24,18,12,22,1664,3633,4189,22,30,10,30,0,0,0
2026-01-15 13:07:46,820,44,-44,46,24,-24,18,12,22,-860,2828,2489,22,30,10,30,0,0,0
2026-01-15 13:07:53,321,44,-44,46,24,-24,18,12,22,-859,2648,2094,22,30,10,30,0,0,0
2026-01-15 13:07:59,501,44,-44,46,24,-24,18,12,22,-860,3633,4189,22,30,10,30,0,0,0
2026-01-15 13:08:05,737,44,-44,46,24,-24,18,12,22,-859,3633,4189,22,30,10,30,0,0,0
2026-01-15 13:08:11,749,44,-44,46,24,-24,18,12,22,-859,3633,4189,22,30,10,30,0,0,0
2026-01-15 13:08:17,751,44,-44,46,24,-24,19,12,22,-860,2728,2280,22,30,10,30,0,0,0
2026-01-15 13:08:24,399,44,-44,46,24,-24,19,12,22,-860,3633,4189,22,30,10,30,0,0,0
2026-01-15 13:08:30,962,44,-44,46,24,-24,19,12,22,1658,3633,4189,22,30,10,30,0,0,0
2026-01-15 13:08:37,551,43,-43,46,25,-25,19,12,21,1654,3633,4189,22,30,10,30,0,0,0
2026-01-15 13:08:43,705,43,-43,46,25,-25,19,12,21,1654,3496,3905,22,30,10,30,1,0,0
2026-01-15 13:08:50,362,43,-43,45,25,-25,19,12,21,1656,3633,4189,22,30,10,30,0,0,0
2026-01-15 13:08:56,839,43,-43,45,25,-25,19,12,21,-860,3633,4189,22,30,10,30,0,0,0
2026-01-15 13:09:02,945,43,-43,45,25,-25,19,12,21,-860,2957,2750,22,30,10,30,0,0,0
2026-01-15 13:09:09,091,43,-43,45,25,-25,19,12,21,-859,3633,4189,22,30,10,30,0,0,0
2026-01-15 13:09:15,620,43,-43,45,25,-25,19,12,21,-859,3633,4189,22,30,10,30,0,0,0
2026-01-15 13:09:22,301,43,-43,45,25,-25,24,12,21,1654,3633,4189,22,30,10,30,0,0,0
2026-01-15 13:09:28,464,43,-43,45,25,-25,24,12,21,1656,3438,3784,22,30,10,30,1,0,0
2026-01-15 13:09:35,086,43,-43,45,25,-25,24,12,21,1656,3633,4189,22,30,10,30,0,0,0
2026-01-15 13:09:41,523,43,-43,45,26,-26,19,13,21,1656,3633,4189,22,30,10,30,0,0,0
2026-01-15 13:09:48,150,43,-43,45,26,-26,24,13,21,-859,3633,4189,22,30,10,30,0,0,0
2026-01-15 13:09:55,918,43,-43,45,25,-25,24,12,21,1656,3633,4189,22,30,10,30,1,0,0
2026-01-15 13:10:02,577,43,-43,45,25,-25,19,12,21,1658,3633,4189,22,30,10,30,0,0,0
2026-01-15 13:10:09,193,43,-43,45,25,-25,19,12,21,-860,3633,4189,22,30,10,30,0,0,0
2026-01-15 13:10:15,638,43,-43,45,25,-25,19,12,21,-859,3633,4189,22,30,10,30,0,0,0
2026-01-15 13:10:22,739,43,-43,45,25,-25,19,12,21,1656,3633,4189,22,30,10,30,1,0,0
2026-01-15 13:10:28,974,43,-43,45,25,-25,19,12,21,1658,3633,4189,22,30,10,30,0,0,0
2026-01-15 13:10:35,227,44,-44,45,25,-25,19,12,22,1660,3602,4129,22,30,10,30,0,0,0
2026-01-15 13:10:41,404,44,-44,46,25,-25,19,12,22,1658,3633,4189,22,30,10,30,0,0,0
2026-01-15 13:10:47,432,44,-44,46,24,-24,19,12,22,1660,2828,2489,22,30,10,30,0,0,0
2026-01-15 13:10:54,100,44,-44,46,24,-24,19,12,22,1662,3633,4189,22,30,10,30,0,0,0
2026-01-15 13:11:00,153,44,-44,46,24,-24,18,12,22,-859,3409,3728,22,30,10,30,0,0,0
2026-01-15 13:11:06,308,44,-44,46,24,-24,18,12,22,-859,2812,2457,22,30,10,30,0,0,0
2026-01-15 13:11:12,966,44,-44,46,24,-24,18,12,22,-861,3389,3686,22,30,10,30,0,0,0
2026-01-15 13:11:20,269,45,-45,46,23,-23,18,11,22,1660,3438,3784,22,30,10,30,0,0,0
2026-01-15 13:11:26,904,45,-45,46,23,-23,18,11,22,1664,3319,3529,22,30,10,30,0,0,0
2026-01-15 13:11:33,561,45,-45,46,23,-23,18,11,22,-858,2760,2348,22,30,10,30,0,0,0
2026-01-15 13:11:39,798,45,-45,47,23,-23,17,11,22,-860,3633,4189,22,30,10,30,0,0,0
2026-01-15 13:11:52,853,45,-45,47,23,-23,17,11,22,1666,2812,2457,22,30,10,30,0,0,0
2026-01-15 13:11:58,892,45,-45,47,23,-23,17,11,22,1668,2828,2489,22,30,10,30,0,0,0
2026-01-15 13:12:04,932,45,-45,47,23,-23,17,11,22,1670,3633,4189,22,30,10,30,0,0,0
2026-01-15 13:12:11,091,45,-45,47,23,-23,17,11,22,1670,2828,2489,22,30,10,30,0,0,0
2026-01-15 13:12:17,212,45,-45,47,23,-23,17,11,22,1672,2828,2489,22,30,10,30,0,0,0
2026-01-15 13:12:23,471,45,-45,47,23,-23,17,11,22,1674,2760,2348,22,30,10,30,0,0,0
2026-01-15 13:12:29,505,45,-45,47,23,-23,17,11,22,1672,2797,2417,22,30,10,30,0,0,0
2026-01-15 13:12:35,677,45,-45,47,23,-23,17,11,22,1676,2840,2519,22,30,10,30,0,0,0
2026-01-15 13:12:41,796,45,-45,47,23,-23,17,11,22,1678,2828,2489,22,30,10,30,0,0,0
2026-01-15 13:12:47,866,45,-45,47,23,-23,17,11,22,1676,2797,2417,22,30,10,30,0,0,0
2026-01-15 13:12:53,933,45,-45,47,23,-23,17,11,22,1680,2797,2417,22,30,10,30,0,0,0
2026-01-15 13:13:00,096,45,-45,47,23,-23,17,11,22,1680,2840,2519,22,30,10,30,0,0,0
2026-01-15 13:13:06,181,45,-45,47,23,-23,17,11,22,-862,2797,2417,22,30,10,30,0,0,0
2026-01-15 13:13:12,298,45,-45,47,23,-23,17,11,22,-861,2760,2348,22,30,10,30,0,0,0
2026-01-15 13:13:18,329,45,-45,47,23,-23,17,11,22,-859,2781,2388,22,30,10,30,0,0,0
2026-01-15 13:13:24,488,45,-45,47,23,-23,17,11,22,-860,2760,2348,22,30,10,30,0,0,0
2026-01-15 13:13:30,614,45,-45,47,23,-23,17,11,22,-859,2728,2280,22,30,10,30,0,0,0
2026-01-15 13:13:36,673,45,-45,47,23,-23,17,11,22,-859,2697,2203,22,30,10,30,0,0,0
2026-01-15 13:13:42,705,45,-45,46,23,-23,17,11,22,-859,2760,2348,22,30,10,30,0,0,0
2026-01-15 13:13:48,794,44,-44,46,23,-23,18,11,22,-858,2760,2348,22,30,10,30,0,0,0
2026-01-15 13:13:54,967,44,-44,46,23,-23,18,11,22,-859,2697,2203,22,30,10,30,0,0,0
2026-01-15 13:14:01,096,44,-44,46,23,-23,18,11,22,-858,2635,2072,22,30,10,30,0,0,0
2026-01-15 13:14:07,138,44,-44,46,23,-23,18,11,22,-859,2781,2388,22,30,10,30,0,0,0
2026-01-15 13:14:13,275,44,-44,46,23,-23,18,11,22,-859,2760,2348,22,30,10,30,0,0,0
2026-01-15 13:14:19,536,44,-44,46,23,-23,18,11,22,-859,2666,2132,22,30,10,30,0,0,0
2026-01-15 13:14:26,424,44,-44,46,23,-23,18,11,22,1688,2518,1819,22,30,10,30,0,0,0
2026-01-15 13:14:32,568,44,-44,46,24,-24,18,12,22,1686,2710,2246,22,30,10,30,0,0,0
2026-01-15 13:14:38,615,44,-44,46,24,-24,18,12,22,1688,2697,2203,22,30,10,30,0,0,0
2026-01-15 13:14:44,875,44,-44,46,24,-24,18,12,22,1688,2591,1977,22,30,10,30,0,0,0
2026-01-15 13:14:51,025,44,-44,46,24,-24,18,12,22,1690,3366,3630,22,30,10,30,0,0,0
